// Jest Snapshot v1, https://goo.gl/fbAQLP

exports[`plugins/log/components/Header Header renders correctly 1`] = `
.glamor-4 {
  display: block;
}

.glamor-0 {
  color: #757575;
}

.glamor-1 {
  -webkit-flex: 1;
  -ms-flex: 1;
  flex: 1;
}

.glamor-3 {
  display: -webkit-box;
  display: -webkit-flex;
  display: -ms-flexbox;
  display: flex;
  -webkit-align-items: baseline;
  -webkit-box-align: baseline;
  -ms-flex-align: baseline;
  align-items: baseline;
}

.glamor-2 {
  margin-left: 1rem;
  margin-right: 1rem;
}

@media (min-width:600px) {
  .glamor-4 {
    display: -webkit-box;
    display: -webkit-flex;
    display: -ms-flexbox;
    display: flex;
    -webkit-align-items: baseline;
    -webkit-box-align: baseline;
    -ms-flex-align: baseline;
    align-items: baseline;
  }
}

<div
  className="glamor-4 e19f7qgx0"
>
  <div>
    <h2
      className="MuiTypography-root-1 MuiTypography-title-7"
    >
      Server Log
    </h2>
    <h3
      className="MuiTypography-root-1 MuiTypography-subheading-8 glamor-0 e19f7qgx3"
    >
      Streaming
    </h3>
  </div>
  <div
    className="glamor-1 e19f7qgx4"
  />
  <div
    className="glamor-3 e19f7qgx5"
  >
    <div
      aria-describedby="filter-helper-text"
      className="MuiFormControl-root-25 glamor-2 e19f7qgx6"
      onBlur={[Function]}
      onFocus={[Function]}
    >
      <label
        className="MuiFormLabel-root-35 MuiInputLabel-root-29 MuiInputLabel-formControl-30 MuiInputLabel-animated-33"
        data-shrink={false}
        htmlFor="filter"
      >
        Filter
      </label>
      <div
        className="MuiInput-root-39 MuiInput-formControl-40 MuiInput-inkbar-41 MuiInput-underline-45"
        onBlur={[Function]}
        onFocus={[Function]}
      >
        <input
          aria-invalid={false}
          aria-required={false}
          className="MuiInput-input-48"
          disabled={false}
          id="filter"
          onChange={[Function]}
          onKeyPress={[Function]}
          type="text"
          value=""
        />
      </div>
      <p
        className="MuiFormHelperText-root-54"
        id="filter-helper-text"
      >
        Supports operators and, or, (), and "str"
      </p>
    </div>
  </div>
</div>
`;

exports[`plugins/log/components/Header mapStateToProps should return the right stuff 1`] = `
Object {
  "connected": true,
}
`;
