// Jest Snapshot v1, https://goo.gl/fbAQLP

exports[`components/LoadingBar Component should render properly when loading 1`] = `
<div
  className="MuiLinearProgress-root MuiLinearProgress-colorSecondary MuiLinearProgress-query"
  role="progressbar"
>
  <div
    className="MuiLinearProgress-bar MuiLinearProgress-bar1Indeterminate MuiLinearProgress-barColorSecondary"
    style={Object {}}
  />
  <div
    className="MuiLinearProgress-bar MuiLinearProgress-bar2Indeterminate MuiLinearProgress-barColorSecondary"
    style={Object {}}
  />
</div>
`;

exports[`components/LoadingBar Component should render properly when not loading 1`] = `
<div
  className="MuiLinearProgress-root MuiLinearProgress-colorSecondary MuiLinearProgress-query"
  role="progressbar"
>
  <div
    className="MuiLinearProgress-bar MuiLinearProgress-bar1Indeterminate MuiLinearProgress-barColorSecondary"
    style={Object {}}
  />
  <div
    className="MuiLinearProgress-bar MuiLinearProgress-bar2Indeterminate MuiLinearProgress-barColorSecondary"
    style={Object {}}
  />
</div>
`;
