// Jest Snapshot v1, https://goo.gl/fbAQLP

exports[`plugins/history/components/FilterNav renders correctly 1`] = `
.glamor-6 {
  position: static;
}

.glamor-5 {
  background-color: #455a64;
  min-height: 5rem;
  color: #fff;
}

.glamor-0 {
  margin: 0.5rem 2rem 0.5rem;
}

.glamor-1 {
  -webkit-flex: 1;
  -ms-flex: 1;
  flex: 1;
}

.glamor-4 {
  -webkit-transition: all 300ms cubic-bezier(0.4,0,0.2,1) 0ms;
  transition: all 300ms cubic-bezier(0.4,0,0.2,1) 0ms;
}

<header
  className="MuiPaper-root-9 MuiPaper-shadow4-15 MuiAppBar-root-1 MuiAppBar-positionFixed-2 MuiAppBar-colorPrimary-7 mui-fixed glamor-6 e1j0gihi0"
>
  <div
    className="MuiToolbar-root-36 MuiToolbar-gutters-37 glamor-5 e1j0gihi1"
  >
    <div
      className="MuiFormControl-root-38 glamor-0 ecdi3071"
      onBlur={[Function]}
      onFocus={[Function]}
      onKeyPress={[Function]}
    >
      <label
        className="MuiFormLabel-root-48 MuiInputLabel-root-42 MuiInputLabel-formControl-43 MuiInputLabel-animated-46"
        data-shrink={false}
        htmlFor="task-filter"
      >
        Filter By Task
      </label>
      <div
        className="MuiInput-root-52 MuiInput-formControl-53 MuiInput-inkbar-54 MuiInput-underline-58"
        onBlur={[Function]}
        onFocus={[Function]}
      >
        <input
          aria-invalid={false}
          aria-required={false}
          className="MuiInput-input-61"
          disabled={false}
          id="task-filter"
          onChange={[Function]}
          placeholder="Task Name"
          type="text"
          value=""
        />
      </div>
    </div>
    <div
      className="glamor-1 e1vib4761"
    />
    <div
      className="MuiFormControl-root-38 glamor-0 ecdi3071"
      onBlur={[Function]}
      onFocus={[Function]}
    >
      <label
        className="MuiFormLabel-root-48 MuiInputLabel-root-42 MuiInputLabel-formControl-43 MuiInputLabel-animated-46 MuiInputLabel-shrink-45"
        data-shrink={true}
        htmlFor="sort-by"
      >
        Sort By
      </label>
      <div
        className="MuiInput-root-52 MuiInput-formControl-53 MuiInput-inkbar-54 MuiInput-underline-58"
        onBlur={[Function]}
        onFocus={[Function]}
      >
        <div
          className="MuiSelect-root-67"
        >
          <div
            aria-haspopup="true"
            aria-owns={null}
            aria-pressed="false"
            className="MuiSelect-select-68 MuiSelect-selectMenu-69 MuiInput-input-61"
            onBlur={[Function]}
            onClick={[Function]}
            onKeyDown={[Function]}
            role="button"
            tabIndex={0}
          >
            Time
          </div>
          <input
            aria-invalid={false}
            aria-required={false}
            id="sort-by"
            type="hidden"
            value="time"
          />
          <svg
            aria-hidden="true"
            className="MuiSvgIcon-root-72 MuiSelect-icon-71"
            focusable="false"
            viewBox="0 0 24 24"
          >
            <path
              d="M7 10l5 5 5-5z"
            />
          </svg>
        </div>
      </div>
    </div>
    <div
      className="MuiFormControl-root-38 glamor-0 ecdi3071"
      onBlur={[Function]}
      onFocus={[Function]}
    >
      <label
        className="MuiFormLabel-root-48 MuiInputLabel-root-42 MuiInputLabel-formControl-43 MuiInputLabel-animated-46 MuiInputLabel-shrink-45"
        data-shrink={true}
        htmlFor="group-by"
      >
        Group By
      </label>
      <div
        className="MuiInput-root-52 MuiInput-formControl-53 MuiInput-inkbar-54 MuiInput-underline-58"
        onBlur={[Function]}
        onFocus={[Function]}
      >
        <div
          className="MuiSelect-root-67"
        >
          <div
            aria-haspopup="true"
            aria-owns={null}
            aria-pressed="false"
            className="MuiSelect-select-68 MuiSelect-selectMenu-69 MuiInput-input-61"
            onBlur={[Function]}
            onClick={[Function]}
            onKeyDown={[Function]}
            role="button"
            tabIndex={0}
          >
            Time
          </div>
          <input
            aria-invalid={false}
            aria-required={false}
            id="group-by"
            type="hidden"
            value="time"
          />
          <svg
            aria-hidden="true"
            className="MuiSvgIcon-root-72 MuiSelect-icon-71"
            focusable="false"
            viewBox="0 0 24 24"
          >
            <path
              d="M7 10l5 5 5-5z"
            />
          </svg>
        </div>
      </div>
    </div>
    <button
      className="MuiButtonBase-root-89 MuiIconButton-root-83 MuiIconButton-colorInherit-84"
      disabled={false}
      onBlur={[Function]}
      onClick={[MockFunction]}
      onFocus={[Function]}
      onKeyDown={[Function]}
      onKeyUp={[Function]}
      onMouseDown={[Function]}
      onMouseLeave={[Function]}
      onMouseUp={[Function]}
      onTouchEnd={[Function]}
      onTouchMove={[Function]}
      onTouchStart={[Function]}
      tabIndex={0}
      type="button"
    >
      <span
        className="MuiIconButton-label-88"
      >
        <span
          aria-hidden="true"
          className="material-icons MuiIcon-root-91 fa fa-chevron-up glamor-4 ecdi3070"
          rotate={false}
        />
      </span>
      <span
        className="MuiTouchRipple-root-98"
      />
    </button>
  </div>
</header>
`;
