// Jest Snapshot v1, https://goo.gl/fbAQLP

exports[`core/layout/components/Logo adds logoMini class without sideBarOpen 1`] = `
.emotion-0 {
  background: #263238 url(test-file-stub) no-repeat center;
  background-size: 17.5rem;
  height: 100%;
  -webkit-transition: width 300ms cubic-bezier(0.4,0,0.2,1) 0ms,background-size 300ms cubic-bezier(0.4,0,0.2,1) 0ms;
  transition: width 300ms cubic-bezier(0.4,0,0.2,1) 0ms,background-size 300ms cubic-bezier(0.4,0,0.2,1) 0ms;
}

<a
  href="/"
  onClick={[Function]}
>
  <div
    className="emotion-0"
  />
</a>
`;

exports[`core/layout/components/Logo renders correctly with sideBarOpen 1`] = `
.emotion-0 {
  background: #263238 url(test-file-stub) no-repeat center;
  background-size: 17.5rem;
  height: 100%;
  -webkit-transition: width 300ms cubic-bezier(0.4,0,0.2,1) 0ms,background-size 300ms cubic-bezier(0.4,0,0.2,1) 0ms;
  transition: width 300ms cubic-bezier(0.4,0,0.2,1) 0ms,background-size 300ms cubic-bezier(0.4,0,0.2,1) 0ms;
}

<a
  href="/"
  onClick={[Function]}
>
  <div
    className="emotion-0"
  />
</a>
`;
