// Jest Snapshot v1, https://goo.gl/fbAQLP

exports[`plugins/log/components/Header Header renders correctly 1`] = `
.emotion-8 {
  display: block;
}

@media (min-width:600px) {
  .emotion-8 {
    display: -webkit-box;
    display: -webkit-flex;
    display: -ms-flexbox;
    display: flex;
    -webkit-align-items: baseline;
    -webkit-box-align: baseline;
    -ms-flex-align: baseline;
    align-items: baseline;
  }
}

.emotion-0 {
  color: #757575;
}

.emotion-2 {
  -webkit-flex: 1;
  -ms-flex: 1;
  flex: 1;
}

.emotion-6 {
  display: -webkit-box;
  display: -webkit-flex;
  display: -ms-flexbox;
  display: flex;
  -webkit-align-items: baseline;
  -webkit-box-align: baseline;
  -ms-flex-align: baseline;
  align-items: baseline;
}

.emotion-4 {
  margin-left: 1rem;
  margin-right: 1rem;
}

<div
  className="emotion-8 emotion-9"
>
  <div>
    <h6
      className="MuiTypography-root MuiTypography-h6"
    >
      Server Log
    </h6>
    <h6
      className="MuiTypography-root emotion-0 emotion-1 MuiTypography-subtitle1"
    >
      Streaming
    </h6>
  </div>
  <div
    className="emotion-2 emotion-3"
  />
  <div
    className="emotion-6 emotion-7"
  >
    <div
      className="MuiFormControl-root MuiTextField-root emotion-4 emotion-5"
    >
      <label
        className="MuiFormLabel-root MuiInputLabel-root MuiInputLabel-formControl MuiInputLabel-animated"
        data-shrink={false}
        htmlFor="filter"
      >
        Filter
      </label>
      <div
        className="MuiInputBase-root MuiInput-root MuiInput-underline MuiInputBase-formControl MuiInput-formControl"
        onClick={[Function]}
      >
        <input
          aria-describedby="filter-helper-text"
          aria-invalid={false}
          className="MuiInputBase-input MuiInput-input"
          disabled={false}
          id="filter"
          onBlur={[Function]}
          onChange={[Function]}
          onFocus={[Function]}
          onKeyPress={[Function]}
          required={false}
          type="text"
          value=""
        />
      </div>
      <p
        className="MuiFormHelperText-root"
        id="filter-helper-text"
      >
        Supports operators and, or, (), and "str"
      </p>
    </div>
  </div>
</div>
`;

exports[`plugins/log/components/Header mapStateToProps should return the right stuff 1`] = `
Object {
  "connected": true,
}
`;
