// Jest Snapshot v1, https://goo.gl/fbAQLP

exports[`core/layout/components/SideNavEntry renders correctly with link 1`] = `
.emotion-1 {
  border-left: 3px solid transparent;
  cursor: pointer;
}

.emotion-1:hover {
  border-left: 3px solid #ff9800;
}

.emotion-0 {
  color: #b0bec5;
}

<li
  className="MuiListItem-root  emotion-1 MuiListItem-gutters"
  disabled={false}
>
  <div
    className="MuiListItemIcon-root"
  />
  <div
    className="MuiListItemText-root emotion-0"
  />
</li>
`;

exports[`core/layout/components/SideNavEntry renders correctly without link 1`] = `
.emotion-1 {
  border-left: 3px solid transparent;
  cursor: pointer;
}

.emotion-1:hover {
  border-left: 3px solid #ff9800;
}

.emotion-0 {
  color: #b0bec5;
}

<li
  className="MuiListItem-root  emotion-1 MuiListItem-gutters"
  disabled={false}
>
  <div
    className="MuiListItemIcon-root"
  />
  <div
    className="MuiListItemText-root emotion-0"
  />
</li>
`;
