// Jest Snapshot v1, https://goo.gl/fbAQLP

exports[`core/home/Home renders correctly 1`] = `
<div
  className="MuiPaper-root MuiPaper-elevation1 MuiCard-root MuiPaper-rounded"
  css={
    Object {
      "map": undefined,
      "name": "1tku438",
      "next": undefined,
      "styles": "
  margin: 0 auto;
  @media (min-width:600px) {
    width: 50%;
  }
",
      "toString": [Function],
    }
  }
>
  <div
    className="MuiCardHeader-root"
    css={
      Object {
        "map": undefined,
        "name": "dbzqgo",
        "next": undefined,
        "styles": "
  background-color: #ef6c00;
  color: #fff;
",
        "toString": [Function],
      }
    }
  >
    <div
      className="MuiCardHeader-content"
    >
      <span
        className="MuiTypography-root MuiCardHeader-title MuiTypography-h5 MuiTypography-displayBlock"
      >
        Flexget Web Interface
      </span>
      <span
        className="MuiTypography-root MuiCardHeader-subheader MuiTypography-body1 MuiTypography-colorTextSecondary MuiTypography-displayBlock"
      >
        Under Development
      </span>
    </div>
  </div>
  <div
    className="MuiCardContent-root"
  >
    <p
      css={
        Object {
          "map": undefined,
          "name": "1xxe9l9",
          "next": undefined,
          "styles": "
  font-weight: bold;
",
          "toString": [Function],
        }
      }
    >
      We need your help! If you are a React developer or can help with the layout/design/css then please join in the effort!
    </p>
    <p>
      The interface is not yet ready for end users. Consider this preview only state.
    </p>
    <p>
      If you still use it anyways, please report back to us on how well it works, issues, ideas etc...
    </p>
    <p>
      There is a functional API with documentation available at 
      <a
        href="/api"
      >
        /api
      </a>
    </p>
    <p>
      More information:
       
      <a
        href="http://flexget.com/Web-UI/v2"
        rel="noopener noreferrer"
        target="_blank"
      >
        http://flexget.com/Web-UI/v2
      </a>
    </p>
    <p>
      Chat:
       
      <a
        href="https://flexget.com/Chat"
        rel="noopener noreferrer"
        target="_blank"
      >
        https://flexget.com/Chat
      </a>
    </p>
  </div>
  <div
    className="MuiCardActions-root MuiCardActions-spacing"
    css={
      Object {
        "map": undefined,
        "name": "xf7v2y",
        "next": undefined,
        "styles": "
  justify-content: center;
",
        "toString": [Function],
      }
    }
  >
    <a
      aria-disabled={false}
      aria-label="Github"
      className="MuiButtonBase-root MuiIconButton-root"
      href="https://github.com/Flexget/Flexget"
      onBlur={[Function]}
      onDragLeave={[Function]}
      onFocus={[Function]}
      onKeyDown={[Function]}
      onKeyUp={[Function]}
      onMouseDown={[Function]}
      onMouseLeave={[Function]}
      onMouseUp={[Function]}
      onTouchEnd={[Function]}
      onTouchMove={[Function]}
      onTouchStart={[Function]}
      rel="noopener noreferrer"
      tabIndex={0}
      target="_blank"
    >
      <span
        className="MuiIconButton-label"
      >
        <svg
          aria-hidden="true"
          className="MuiSvgIcon-root"
          focusable="false"
          role="presentation"
          viewBox="0 0 24 24"
        >
          <path
            d="M12 .3a12 12 0 0 0-3.8 23.4c.6.1.8-.3.8-.6v-2c-3.3.7-4-1.6-4-1.6-.6-1.4-1.4-1.8-1.4-1.8-1-.7.1-.7.1-.7 1.2 0 1.9 1.2 1.9 1.2 1 1.8 2.8 1.3 3.5 1 0-.8.4-1.3.7-1.6-2.7-.3-5.5-1.3-5.5-6 0-1.2.5-2.3 1.3-3.1-.2-.4-.6-1.6 0-3.2 0 0 1-.3 3.4 1.2a11.5 11.5 0 0 1 6 0c2.3-1.5 3.3-1.2 3.3-1.2.6 1.6.2 2.8 0 3.2.9.8 1.3 1.9 1.3 3.2 0 4.6-2.8 5.6-5.5 5.9.5.4.9 1 .9 2.2v3.3c0 .3.1.7.8.6A12 12 0 0 0 12 .3"
          />
        </svg>
      </span>
    </a>
    <a
      aria-disabled={false}
      aria-label="Flexget.com"
      className="MuiButtonBase-root MuiIconButton-root"
      href="https://flexget.com"
      onBlur={[Function]}
      onDragLeave={[Function]}
      onFocus={[Function]}
      onKeyDown={[Function]}
      onKeyUp={[Function]}
      onMouseDown={[Function]}
      onMouseLeave={[Function]}
      onMouseUp={[Function]}
      onTouchEnd={[Function]}
      onTouchMove={[Function]}
      onTouchStart={[Function]}
      rel="noopener noreferrer"
      tabIndex={0}
      target="_blank"
    >
      <span
        className="MuiIconButton-label"
      >
        <svg
          aria-hidden="true"
          className="MuiSvgIcon-root"
          focusable="false"
          role="presentation"
          viewBox="0 0 24 24"
        >
          <path
            d="M10 20v-6h4v6h5v-8h3L12 3 2 12h3v8z"
          />
        </svg>
      </span>
    </a>
    <a
      aria-disabled={false}
      aria-label="Chat"
      className="MuiButtonBase-root MuiIconButton-root"
      href="https://flexget.com/Chat"
      onBlur={[Function]}
      onDragLeave={[Function]}
      onFocus={[Function]}
      onKeyDown={[Function]}
      onKeyUp={[Function]}
      onMouseDown={[Function]}
      onMouseLeave={[Function]}
      onMouseUp={[Function]}
      onTouchEnd={[Function]}
      onTouchMove={[Function]}
      onTouchStart={[Function]}
      rel="noopener noreferrer"
      tabIndex={0}
      target="_blank"
    >
      <span
        className="MuiIconButton-label"
      >
        <svg
          aria-hidden="true"
          className="MuiSvgIcon-root"
          focusable="false"
          role="presentation"
          viewBox="0 0 24 24"
        >
          <path
            d="M20 2H4c-1.1 0-1.99.9-1.99 2L2 22l4-4h14c1.1 0 2-.9 2-2V4c0-1.1-.9-2-2-2zM6 9h12v2H6V9zm8 5H6v-2h8v2zm4-6H6V6h12v2z"
          />
        </svg>
      </span>
    </a>
    <a
      aria-disabled={false}
      aria-label="Forum"
      className="MuiButtonBase-root MuiIconButton-root"
      href="https://discuss.flexget.com"
      onBlur={[Function]}
      onDragLeave={[Function]}
      onFocus={[Function]}
      onKeyDown={[Function]}
      onKeyUp={[Function]}
      onMouseDown={[Function]}
      onMouseLeave={[Function]}
      onMouseUp={[Function]}
      onTouchEnd={[Function]}
      onTouchMove={[Function]}
      onTouchStart={[Function]}
      rel="noopener noreferrer"
      tabIndex={0}
      target="_blank"
    >
      <span
        className="MuiIconButton-label"
      >
        <svg
          aria-hidden="true"
          className="MuiSvgIcon-root"
          focusable="false"
          role="presentation"
          viewBox="0 0 24 24"
        >
          <path
            d="M15 4v7H5.17L4 12.17V4h11m1-2H3c-.55 0-1 .45-1 1v14l4-4h10c.55 0 1-.45 1-1V3c0-.55-.45-1-1-1zm5 4h-2v9H6v2c0 .55.45 1 1 1h11l4 4V7c0-.55-.45-1-1-1z"
          />
        </svg>
      </span>
    </a>
  </div>
</div>
`;
