// Jest Snapshot v1, https://goo.gl/fbAQLP

exports[`core/Login/LoginCard LoginCard renders correctly 1`] = `
<div
  className="MuiPaper-root MuiCard-root MuiPaper-elevation1 MuiPaper-rounded"
  css={[Function]}
>
  <form
    action="#"
    onReset={[Function]}
    onSubmit={[Function]}
  >
    <div
      className="MuiCardContent-root"
      css={
        Object {
          "map": undefined,
          "name": "1iyoj2o",
          "next": undefined,
          "styles": "
  display: flex;
  flex-direction: column;
",
          "toString": [Function],
        }
      }
    >
      <div
        css={[Function]}
      />
      <div
        className="MuiFormControl-root MuiTextField-root"
        css={
          Object {
            "map": undefined,
            "name": "1hq8d8z",
            "next": undefined,
            "styles": "
  padding-bottom: 1rem;
",
            "toString": [Function],
          }
        }
      >
        <label
          className="MuiFormLabel-root MuiInputLabel-root MuiInputLabel-formControl MuiInputLabel-animated MuiInputLabel-shrink MuiFormLabel-filled"
          data-shrink={true}
          htmlFor="username"
          id="username-label"
        >
          Username
        </label>
        <div
          className="MuiInputBase-root MuiInput-root MuiInput-underline MuiInputBase-formControl MuiInput-formControl"
          onClick={[Function]}
        >
          <input
            aria-invalid={false}
            autoFocus={true}
            className="MuiInputBase-input MuiInput-input"
            disabled={false}
            id="username"
            name="username"
            onAnimationStart={[Function]}
            onBlur={[Function]}
            onChange={[Function]}
            onFocus={[Function]}
            required={false}
            type="text"
            value="flexget"
          />
        </div>
      </div>
      <div
        className="MuiFormControl-root MuiTextField-root"
        css={
          Object {
            "map": undefined,
            "name": "1hq8d8z",
            "next": undefined,
            "styles": "
  padding-bottom: 1rem;
",
            "toString": [Function],
          }
        }
      >
        <label
          className="MuiFormLabel-root MuiInputLabel-root MuiInputLabel-formControl MuiInputLabel-animated"
          data-shrink={false}
          htmlFor="password"
          id="password-label"
        >
          Password
        </label>
        <div
          className="MuiInputBase-root MuiInput-root MuiInput-underline MuiInputBase-formControl MuiInput-formControl"
          onClick={[Function]}
        >
          <input
            aria-invalid={false}
            autoFocus={false}
            className="MuiInputBase-input MuiInput-input"
            disabled={false}
            id="password"
            name="password"
            onAnimationStart={[Function]}
            onBlur={[Function]}
            onChange={[Function]}
            onFocus={[Function]}
            required={false}
            type="Password"
            value=""
          />
        </div>
      </div>
    </div>
    <div
      className="MuiCardActions-root MuiCardActions-spacing"
    >
      <button
        className="MuiButtonBase-root MuiButton-root MuiButton-text MuiButton-fullWidth"
        disabled={false}
        onBlur={[Function]}
        onDragLeave={[Function]}
        onFocus={[Function]}
        onKeyDown={[Function]}
        onKeyUp={[Function]}
        onMouseDown={[Function]}
        onMouseLeave={[Function]}
        onMouseUp={[Function]}
        onTouchEnd={[Function]}
        onTouchMove={[Function]}
        onTouchStart={[Function]}
        tabIndex={0}
        type="submit"
      >
        <span
          className="MuiButton-label"
        >
          Login
        </span>
      </button>
    </div>
  </form>
</div>
`;
