// Jest Snapshot v1, https://goo.gl/fbAQLP

exports[`pages/splash renders correctly 1`] = `
<div>
  <div
    css={[Function]}
  />
  <div
    css={
      Object {
        "map": undefined,
        "name": "1kz9hf7",
        "next": undefined,
        "styles": "
  margin: 10rem auto;
  width: 5rem;
  height: 4rem;
  text-align: center;
  font-size: 1rem;
",
        "toString": [Function],
      }
    }
  >
    <div
      css={[Function]}
    />
    <div
      css={[Function]}
    />
    <div
      css={[Function]}
    />
    <div
      css={[Function]}
    />
    <div
      css={[Function]}
    />
  </div>
</div>
`;
