// Jest Snapshot v1, https://goo.gl/fbAQLP

exports[`core/layout/components/Navbar renders correctly 1`] = `
.glamor-6 {
  position: static;
}

.glamor-5 {
  background-color: #ef6c00;
  color: #fff;
  min-height: 5rem;
}

.glamor-0 {
  color: #fff;
}

.glamor-1 {
  -webkit-flex: 1;
  -ms-flex: 1;
  flex: 1;
}

<header
  className="MuiPaper-root-9 MuiPaper-shadow4-15 MuiAppBar-root-1 MuiAppBar-positionFixed-2 MuiAppBar-colorPrimary-7 mui-fixed glamor-6 e1pzz03b0"
>
  <div
    className="MuiToolbar-root-36 MuiToolbar-gutters-37 glamor-5 e1pzz03b1"
  >
    <button
      className="MuiButtonBase-root-44 MuiIconButton-root-38 glamor-0 e1pzz03b2"
      disabled={false}
      onBlur={[Function]}
      onClick={[MockFunction]}
      onFocus={[Function]}
      onKeyDown={[Function]}
      onKeyUp={[Function]}
      onMouseDown={[Function]}
      onMouseLeave={[Function]}
      onMouseUp={[Function]}
      onTouchEnd={[Function]}
      onTouchMove={[Function]}
      onTouchStart={[Function]}
      tabIndex={0}
      type="button"
    >
      <span
        className="MuiIconButton-label-43"
      />
      <span
        className="MuiTouchRipple-root-46"
      />
    </button>
    <h2
      className="MuiTypography-root-53 MuiTypography-title-59 MuiTypography-colorInherit-72"
    />
    <div
      className="glamor-1 e1vib4761"
    />
    <a
      href="/config"
      onClick={[Function]}
    >
      <button
        aria-label="Config"
        className="MuiButtonBase-root-44 MuiIconButton-root-38 glamor-0 e1pzz03b2"
        disabled={false}
        onBlur={[Function]}
        onFocus={[Function]}
        onKeyDown={[Function]}
        onKeyUp={[Function]}
        onMouseDown={[Function]}
        onMouseLeave={[Function]}
        onMouseUp={[Function]}
        onTouchEnd={[Function]}
        onTouchMove={[Function]}
        onTouchStart={[Function]}
        tabIndex={0}
        type="button"
      >
        <span
          className="MuiIconButton-label-43"
        />
        <span
          className="MuiTouchRipple-root-46"
        />
      </button>
    </a>
    <a
      href="/log"
      onClick={[Function]}
    >
      <button
        aria-label="Log"
        className="MuiButtonBase-root-44 MuiIconButton-root-38 glamor-0 e1pzz03b2"
        disabled={false}
        onBlur={[Function]}
        onFocus={[Function]}
        onKeyDown={[Function]}
        onKeyUp={[Function]}
        onMouseDown={[Function]}
        onMouseLeave={[Function]}
        onMouseUp={[Function]}
        onTouchEnd={[Function]}
        onTouchMove={[Function]}
        onTouchStart={[Function]}
        tabIndex={0}
        type="button"
      >
        <span
          className="MuiIconButton-label-43"
        />
        <span
          className="MuiTouchRipple-root-46"
        />
      </button>
    </a>
    <button
      aria-label="Manage"
      className="MuiButtonBase-root-44 MuiIconButton-root-38 glamor-0 e1pzz03b2"
      disabled={false}
      onBlur={[Function]}
      onClick={[Function]}
      onFocus={[Function]}
      onKeyDown={[Function]}
      onKeyUp={[Function]}
      onMouseDown={[Function]}
      onMouseLeave={[Function]}
      onMouseUp={[Function]}
      onTouchEnd={[Function]}
      onTouchMove={[Function]}
      onTouchStart={[Function]}
      tabIndex={0}
      type="button"
    >
      <span
        className="MuiIconButton-label-43"
      />
      <span
        className="MuiTouchRipple-root-46"
      />
    </button>
  </div>
</header>
`;
