// Jest Snapshot v1, https://goo.gl/fbAQLP

exports[`components/Loader should render properly when errored 1`] = `ShallowWrapper {}`;

exports[`components/Loader should render properly when loading 1`] = `ShallowWrapper {}`;

exports[`components/Loader should render properly when timed out 1`] = `ShallowWrapper {}`;
