// Jest Snapshot v1, https://goo.gl/fbAQLP

exports[`common/layout renders correctly 1`] = `
.emotion-0 {
  -webkit-flex: 1;
  -ms-flex: 1;
  flex: 1;
}

<div
  css={[Function]}
>
  <div
    css={
      Object {
        "map": undefined,
        "name": "gzpxx7",
        "next": undefined,
        "styles": "
  grid-area: logo;
",
        "toString": [Function],
      }
    }
  >
    <a
      href="/"
      onClick={[Function]}
    >
      <div
        css={[Function]}
      />
    </a>
  </div>
  <aside
    css={
      Object {
        "map": undefined,
        "name": "9bboz",
        "next": undefined,
        "styles": "
  overflow-y: auto;
  grid-area: sidebar;
",
        "toString": [Function],
      }
    }
  >
    <div
      className="MuiDrawer-root MuiDrawer-docked"
      css={
        Array [
          Object {
            "map": undefined,
            "name": "1re02ki",
            "next": undefined,
            "styles": "
  background-color: #f50057;
  width: 0;
  height: 100%;
  white-space: nowrap;

  & .MuiDrawer-paper {
    
  width: inherit;
  background-color: inherit;
  border-right: none !important;
  position: relative;
;
  }

  @media (min-width:600px) {
    width: 6rem;
  }
",
            "toString": [Function],
          },
          Object {
            "map": undefined,
            "name": "1apinr7",
            "next": undefined,
            "styles": "
  width: 0;

  @media (min-width:600px) {
    width: 6rem;
  }
",
            "toString": [Function],
          },
        ]
      }
    >
      <div
        className="MuiPaper-root MuiPaper-elevation0 MuiDrawer-paper MuiDrawer-paperAnchorLeft MuiDrawer-paperAnchorDockedLeft"
      >
        <div
          css={
            Object {
              "map": undefined,
              "name": "mrqyz6",
              "next": undefined,
              "styles": "
  width: inherit;
  height: inherit;
  display: flex;
  flex-direction: column;
  justify-content: space-between;
",
              "toString": [Function],
            }
          }
        >
          <nav
            className="MuiList-root MuiList-padding"
            css={
              Object {
                "map": undefined,
                "name": "1nxb9gk",
                "next": undefined,
                "styles": "
            width: inherit;
          ",
                "toString": [Function],
              }
            }
          />
          <div
            css={[Function]}
          >
            <p
              className="MuiTypography-root MuiTypography-body1"
            >
              Version Info
            </p>
            <p
              className="MuiTypography-root MuiTypography-body1"
            >
              Flexget: 2.10.60 
              <a
                aria-disabled={false}
                className="MuiButtonBase-root MuiIconButton-root MuiIconButton-colorInherit MuiIconButton-sizeSmall"
                href="https://flexget.com/ChangeLog"
                onBlur={[Function]}
                onDragLeave={[Function]}
                onFocus={[Function]}
                onKeyDown={[Function]}
                onKeyUp={[Function]}
                onMouseDown={[Function]}
                onMouseLeave={[Function]}
                onMouseUp={[Function]}
                onTouchEnd={[Function]}
                onTouchMove={[Function]}
                onTouchStart={[Function]}
                tabIndex={0}
              >
                <span
                  className="MuiIconButton-label"
                >
                  <svg
                    aria-hidden="true"
                    className="MuiSvgIcon-root"
                    focusable="false"
                    role="presentation"
                    viewBox="0 0 24 24"
                  >
                    <path
                      d="M11 18h2v-2h-2v2zm1-16C6.48 2 2 6.48 2 12s4.48 10 10 10 10-4.48 10-10S17.52 2 12 2zm0 18c-4.41 0-8-3.59-8-8s3.59-8 8-8 8 3.59 8 8-3.59 8-8 8zm0-14c-2.21 0-4 1.79-4 4h2c0-1.1.9-2 2-2s2 .9 2 2c0 2-3 1.75-3 5h2c0-2.25 3-2.5 3-5 0-2.21-1.79-4-4-4z"
                    />
                  </svg>
                </span>
                <span
                  className="MuiTouchRipple-root"
                />
              </a>
            </p>
            <p
              className="MuiTypography-root MuiTypography-body1"
            >
              API: 1.1.2
            </p>
          </div>
        </div>
      </div>
    </div>
  </aside>
  <header
    css={
      Object {
        "map": undefined,
        "name": "1osrr34",
        "next": undefined,
        "styles": "
  grid-area: header;
",
        "toString": [Function],
      }
    }
  >
    <header
      className="MuiPaper-root MuiPaper-elevation4 MuiAppBar-root MuiAppBar-positionStatic MuiAppBar-colorPrimary"
      css={[Function]}
    >
      <div
        className="MuiToolbar-root MuiToolbar-dense MuiToolbar-gutters"
      >
        <button
          aria-label="toggle sidebar"
          className="MuiButtonBase-root MuiIconButton-root MuiIconButton-colorInherit"
          disabled={false}
          onBlur={[Function]}
          onClick={[Function]}
          onDragLeave={[Function]}
          onFocus={[Function]}
          onKeyDown={[Function]}
          onKeyUp={[Function]}
          onMouseDown={[Function]}
          onMouseLeave={[Function]}
          onMouseUp={[Function]}
          onTouchEnd={[Function]}
          onTouchMove={[Function]}
          onTouchStart={[Function]}
          tabIndex={0}
          type="button"
        >
          <span
            className="MuiIconButton-label"
          >
            <svg
              aria-hidden="true"
              className="MuiSvgIcon-root"
              focusable="false"
              role="presentation"
              viewBox="0 0 24 24"
            >
              <path
                d="M3 18h18v-2H3v2zm0-5h18v-2H3v2zm0-7v2h18V6H3z"
              />
            </svg>
          </span>
          <span
            className="MuiTouchRipple-root"
          />
        </button>
        <h6
          className="MuiTypography-root MuiTypography-h6 MuiTypography-colorInherit MuiTypography-noWrap"
        >
          Flexget Manager
        </h6>
        <div
          className="emotion-0"
        />
        <a
          aria-disabled={false}
          aria-label="config editor"
          className="MuiButtonBase-root MuiIconButton-root MuiIconButton-colorInherit"
          href="/config"
          onBlur={[Function]}
          onClick={[Function]}
          onDragLeave={[Function]}
          onFocus={[Function]}
          onKeyDown={[Function]}
          onKeyUp={[Function]}
          onMouseDown={[Function]}
          onMouseLeave={[Function]}
          onMouseUp={[Function]}
          onTouchEnd={[Function]}
          onTouchMove={[Function]}
          onTouchStart={[Function]}
          role="button"
          tabIndex={0}
        >
          <span
            className="MuiIconButton-label"
          >
            <svg
              aria-hidden="true"
              className="MuiSvgIcon-root"
              focusable="false"
              role="presentation"
              viewBox="0 0 24 24"
            >
              <path
                d="M3 17.25V21h3.75L17.81 9.94l-3.75-3.75L3 17.25zM5.92 19H5v-.92l9.06-9.06.92.92L5.92 19zM20.71 5.63l-2.34-2.34c-.2-.2-.45-.29-.71-.29s-.51.1-.7.29l-1.83 1.83 3.75 3.75 1.83-1.83c.39-.39.39-1.02 0-1.41z"
              />
            </svg>
          </span>
          <span
            className="MuiTouchRipple-root"
          />
        </a>
        <a
          aria-disabled={false}
          aria-label="log"
          className="MuiButtonBase-root MuiIconButton-root MuiIconButton-colorInherit"
          href="/log"
          onBlur={[Function]}
          onClick={[Function]}
          onDragLeave={[Function]}
          onFocus={[Function]}
          onKeyDown={[Function]}
          onKeyUp={[Function]}
          onMouseDown={[Function]}
          onMouseLeave={[Function]}
          onMouseUp={[Function]}
          onTouchEnd={[Function]}
          onTouchMove={[Function]}
          onTouchStart={[Function]}
          role="button"
          tabIndex={0}
        >
          <span
            className="MuiIconButton-label"
          >
            <svg
              aria-hidden="true"
              className="MuiSvgIcon-root"
              focusable="false"
              role="presentation"
              viewBox="0 0 24 24"
            >
              <path
                d="M19 5v14H5V5h14m1.1-2H3.9c-.5 0-.9.4-.9.9v16.2c0 .4.4.9.9.9h16.2c.4 0 .9-.5.9-.9V3.9c0-.5-.5-.9-.9-.9zM11 7h6v2h-6V7zm0 4h6v2h-6v-2zm0 4h6v2h-6zM7 7h2v2H7zm0 4h2v2H7zm0 4h2v2H7z"
              />
            </svg>
          </span>
          <span
            className="MuiTouchRipple-root"
          />
        </a>
        <button
          aria-label="Manage"
          className="MuiButtonBase-root MuiIconButton-root MuiIconButton-colorInherit"
          disabled={false}
          onBlur={[Function]}
          onClick={[Function]}
          onDragLeave={[Function]}
          onFocus={[Function]}
          onKeyDown={[Function]}
          onKeyUp={[Function]}
          onMouseDown={[Function]}
          onMouseLeave={[Function]}
          onMouseUp={[Function]}
          onTouchEnd={[Function]}
          onTouchMove={[Function]}
          onTouchStart={[Function]}
          tabIndex={0}
          type="button"
        >
          <span
            className="MuiIconButton-label"
          >
            <svg
              aria-hidden="true"
              className="MuiSvgIcon-root"
              focusable="false"
              role="presentation"
              viewBox="0 0 24 24"
            >
              <path
                d="M0 0h20v20H0V0z"
                fill="none"
                transform="scale(1.2, 1.2)"
              />
              <path
                d="M15.95 10.78c.03-.25.05-.51.05-.78s-.02-.53-.06-.78l1.69-1.32c.15-.12.19-.34.1-.51l-1.6-2.77c-.1-.18-.31-.24-.49-.18l-1.99.8c-.42-.32-.86-.58-1.35-.78L12 2.34c-.03-.2-.2-.34-.4-.34H8.4c-.2 0-.36.14-.39.34l-.3 2.12c-.49.2-.94.47-1.35.78l-1.99-.8c-.18-.07-.39 0-.49.18l-1.6 2.77c-.1.18-.06.39.1.51l1.69 1.32c-.04.25-.07.52-.07.78s.02.53.06.78L2.37 12.1c-.15.12-.19.34-.1.51l1.6 2.77c.1.18.31.24.49.18l1.99-.8c.42.32.86.58 1.35.78l.3 2.12c.04.2.2.34.4.34h3.2c.2 0 .37-.14.39-.34l.3-2.12c.49-.2.94-.47 1.35-.78l1.99.8c.18.07.39 0 .49-.18l1.6-2.77c.1-.18.06-.39-.1-.51l-1.67-1.32zM10 13c-1.65 0-3-1.35-3-3s1.35-3 3-3 3 1.35 3 3-1.35 3-3 3z"
                transform="scale(1.2, 1.2)"
              />
            </svg>
          </span>
          <span
            className="MuiTouchRipple-root"
          />
        </button>
      </div>
    </header>
  </header>
  <main
    css={
      Object {
        "map": undefined,
        "name": "1tuvxk3",
        "next": undefined,
        "styles": "
  grid-area: content;
  height: 100%;
",
        "toString": [Function],
      }
    }
  >
    <section
      css={
        Array [
          Array [
            Object {
              "map": undefined,
              "name": "1l7dm3",
              "next": undefined,
              "styles": "
  overflow-y: auto;
  padding: 1rem;
  opacity: 1;
  height: 100%;

  @media (max-width:959.95px) {
    margin-left: 0;
    padding: 0.5rem;
    opacity: 1;
    display: block;
  }
",
              "toString": [Function],
            },
            false,
          ],
          Array [
            Object {
              "map": undefined,
              "name": "17b3u5p",
              "next": undefined,
              "styles": "
  transition: width 225ms cubic-bezier(0.4, 0, 0.6, 1) 0ms,margin 225ms cubic-bezier(0.4, 0, 0.6, 1) 0ms,opacity 225ms cubic-bezier(0.4, 0, 0.6, 1) 0ms,background-size 225ms cubic-bezier(0.4, 0, 0.6, 1) 0ms;
",
              "toString": [Function],
            },
          ],
        ]
      }
    >
      <div />
    </section>
  </main>
</div>
`;
