// Jest Snapshot v1, https://goo.gl/fbAQLP

exports[`core/layout/components/SideNavEntry renders correctly with link 1`] = `
.glamor-1 {
  border-left: 3px solid transparent;
  cursor: pointer;
}

.glamor-1:hover {
  border-left: 3px solid #ff9800;
}

.glamor-0 {
  color: #b0bec5;
}

<li
  className="MuiListItem-root-1 MuiListItem-default-4 MuiListItem-gutters-8 glamor-1 e1vhtnjr2"
  disabled={false}
>
  <div
    className="MuiListItemText-root-12 MuiListItemText-inset-13 glamor-0 e1vhtnjr1"
  />
</li>
`;

exports[`core/layout/components/SideNavEntry renders correctly without link 1`] = `
.glamor-1 {
  border-left: 3px solid transparent;
  cursor: pointer;
}

.glamor-1:hover {
  border-left: 3px solid #ff9800;
}

.glamor-0 {
  color: #b0bec5;
}

<li
  className="MuiListItem-root-1 MuiListItem-default-4 MuiListItem-gutters-8 glamor-1 e1vhtnjr2"
  disabled={false}
>
  <div
    className="MuiListItemText-root-12 MuiListItemText-inset-13 glamor-0 e1vhtnjr1"
  />
</li>
`;
