// Jest Snapshot v1, https://goo.gl/fbAQLP

exports[`plugins/history/FilterNav renders correctly 1`] = `
.emotion-0 {
  -webkit-flex: 1;
  -ms-flex: 1;
  flex: 1;
}

<div
  className="MuiToolbar-root MuiToolbar-regular MuiToolbar-gutters"
>
  <div
    css={
      Object {
        "map": undefined,
        "name": "vm19w5",
        "next": undefined,
        "styles": "
  padding: 0.5rem 2rem 0.5rem;
",
        "toString": [Function],
      }
    }
  >
    <div
      className="MuiFormControl-root MuiTextField-root"
      css={
        Object {
          "map": undefined,
          "name": "tr6zgo",
          "next": undefined,
          "styles": "
  min-width: 20rem;
",
          "toString": [Function],
        }
      }
    >
      <label
        className="MuiFormLabel-root MuiInputLabel-root MuiInputLabel-formControl MuiInputLabel-animated"
        data-shrink={false}
        htmlFor="task"
        id="task-label"
      >
        Task Name
      </label>
      <div
        className="MuiInputBase-root MuiInput-root MuiInput-underline MuiInputBase-formControl MuiInput-formControl"
        onClick={[Function]}
      >
        <div
          aria-haspopup="listbox"
          aria-labelledby="task-label task"
          className="MuiSelect-root MuiSelect-select MuiSelect-selectMenu MuiInputBase-input MuiInput-input"
          id="task"
          onBlur={[Function]}
          onFocus={[Function]}
          onKeyDown={[Function]}
          onMouseDown={[Function]}
          role="button"
          tabIndex={0}
        >
          <span
            dangerouslySetInnerHTML={
              Object {
                "__html": "&#8203;",
              }
            }
          />
        </div>
        <input
          autoFocus={true}
          name="task"
          onAnimationStart={[Function]}
          type="hidden"
          value=""
        />
        <svg
          aria-hidden="true"
          className="MuiSvgIcon-root MuiSelect-icon"
          focusable="false"
          role="presentation"
          viewBox="0 0 24 24"
        >
          <path
            d="M7 10l5 5 5-5z"
          />
        </svg>
      </div>
    </div>
  </div>
  <div
    className="emotion-0"
  />
  <div
    css={
      Object {
        "map": undefined,
        "name": "vm19w5",
        "next": undefined,
        "styles": "
  padding: 0.5rem 2rem 0.5rem;
",
        "toString": [Function],
      }
    }
  >
    <div
      className="MuiFormControl-root MuiTextField-root"
      css={
        Object {
          "map": undefined,
          "name": "1v9q0yb",
          "next": undefined,
          "styles": "
  width: 7.5rem;
",
          "toString": [Function],
        }
      }
    >
      <label
        className="MuiFormLabel-root MuiInputLabel-root MuiInputLabel-formControl MuiInputLabel-animated MuiInputLabel-shrink MuiFormLabel-filled"
        data-shrink={true}
        htmlFor="sort"
        id="sort-label"
      >
        Sort By
      </label>
      <div
        className="MuiInputBase-root MuiInput-root MuiInput-underline MuiInputBase-formControl MuiInput-formControl"
        onClick={[Function]}
      >
        <div
          aria-haspopup="listbox"
          aria-labelledby="sort-label sort"
          className="MuiSelect-root MuiSelect-select MuiSelect-selectMenu MuiInputBase-input MuiInput-input"
          id="sort"
          onBlur={[Function]}
          onFocus={[Function]}
          onKeyDown={[Function]}
          onMouseDown={[Function]}
          role="button"
          tabIndex={0}
        >
          Time
        </div>
        <input
          autoFocus={false}
          name="sort"
          onAnimationStart={[Function]}
          type="hidden"
          value="time"
        />
        <svg
          aria-hidden="true"
          className="MuiSvgIcon-root MuiSelect-icon"
          focusable="false"
          role="presentation"
          viewBox="0 0 24 24"
        >
          <path
            d="M7 10l5 5 5-5z"
          />
        </svg>
      </div>
    </div>
  </div>
  <div>
    <div
      className="MuiFormControl-root MuiTextField-root"
      css={
        Object {
          "map": undefined,
          "name": "1v9q0yb",
          "next": undefined,
          "styles": "
  width: 7.5rem;
",
          "toString": [Function],
        }
      }
    >
      <label
        className="MuiFormLabel-root MuiInputLabel-root MuiInputLabel-formControl MuiInputLabel-animated MuiInputLabel-shrink MuiFormLabel-filled"
        data-shrink={true}
        htmlFor="grouping"
        id="grouping-label"
      >
        Group By
      </label>
      <div
        className="MuiInputBase-root MuiInput-root MuiInput-underline MuiInputBase-formControl MuiInput-formControl"
        onClick={[Function]}
      >
        <div
          aria-haspopup="listbox"
          aria-labelledby="grouping-label grouping"
          className="MuiSelect-root MuiSelect-select MuiSelect-selectMenu MuiInputBase-input MuiInput-input"
          id="grouping"
          onBlur={[Function]}
          onFocus={[Function]}
          onKeyDown={[Function]}
          onMouseDown={[Function]}
          role="button"
          tabIndex={0}
        >
          Time
        </div>
        <input
          autoFocus={false}
          name="grouping"
          onAnimationStart={[Function]}
          type="hidden"
          value="time"
        />
        <svg
          aria-hidden="true"
          className="MuiSvgIcon-root MuiSelect-icon"
          focusable="false"
          role="presentation"
          viewBox="0 0 24 24"
        >
          <path
            d="M7 10l5 5 5-5z"
          />
        </svg>
      </div>
    </div>
  </div>
  <button
    aria-describedby={null}
    aria-label="Toggle Direction"
    className="MuiButtonBase-root MuiIconButton-root MuiIconButton-colorInherit"
    css={[Function]}
    disabled={false}
    id="order"
    name="order"
    onBlur={[Function]}
    onClick={[Function]}
    onDragLeave={[Function]}
    onFocus={[Function]}
    onKeyDown={[Function]}
    onKeyUp={[Function]}
    onMouseDown={[Function]}
    onMouseLeave={[Function]}
    onMouseOver={[Function]}
    onMouseUp={[Function]}
    onTouchEnd={[Function]}
    onTouchMove={[Function]}
    onTouchStart={[Function]}
    tabIndex={0}
    title="Toggle Direction"
    type="button"
  >
    <span
      className="MuiIconButton-label"
    >
      <svg
        aria-hidden="true"
        className="MuiSvgIcon-root"
        focusable="false"
        role="presentation"
        viewBox="0 0 24 24"
      >
        <path
          d="M16.59 8.59L12 13.17 7.41 8.59 6 10l6 6 6-6z"
        />
      </svg>
    </span>
    <span
      className="MuiTouchRipple-root"
    />
  </button>
</div>
`;
