// Jest Snapshot v1, https://goo.gl/fbAQLP

exports[`plugins/history/components/HistoryList HistoryList renders correctly 1`] = `ShallowWrapper {}`;

exports[`plugins/history/components/HistoryList mapStateToProps should return the right params if there are more 1`] = `
Object {
  "task_name": Array [
    Object {
      "task": "task_name",
    },
  ],
}
`;

exports[`plugins/history/components/HistoryList mapStateToProps should return the right params if there are not more 1`] = `
Object {
  "task_name": Array [
    Object {
      "task": "task_name",
    },
  ],
}
`;
