// Jest Snapshot v1, https://goo.gl/fbAQLP

exports[`core/home/components/Home renders correctly 1`] = `
.emotion-3 {
  margin: 0 auto;
}

@media (min-width:600px) {
  .emotion-3 {
    width: 50%;
  }
}

.emotion-0 {
  background-color: #ef6c00;
}

.emotion-1 {
  font-weight: bold;
}

.emotion-2 {
  -webkit-box-pack: center;
  -webkit-justify-content: center;
  -ms-flex-pack: center;
  justify-content: center;
}

<div
  className="MuiPaper-root MuiPaper-elevation1 MuiCard-root emotion-3 MuiPaper-rounded"
>
  <div
    className="MuiCardHeader-root emotion-0"
  >
    <div
      className="MuiCardHeader-content"
    >
      <span
        className="MuiTypography-root MuiCardHeader-title MuiTypography-h5 MuiTypography-displayBlock"
      >
        Flexget Web Interface
      </span>
      <span
        className="MuiTypography-root MuiCardHeader-subheader MuiTypography-body1 MuiTypography-colorTextSecondary MuiTypography-displayBlock"
      >
        Under Development
      </span>
    </div>
  </div>
  <div
    className="MuiCardContent-root"
  >
    <p
      className="emotion-1"
    >
      We need your help! If you are a React developer or can help with the layout/design/css then please join in the effort!
    </p>
    <p>
      The interface is not yet ready for end users. Consider this preview only state.
    </p>
    <p>
      If you still use it anyways, please report back to us on how well it works, issues, ideas etc...
    </p>
    <p>
      There is a functional API with documentation available at 
      <a
        href="/api"
      >
        /api
      </a>
    </p>
    <p>
      More information:
       
      <a
        href="http://flexget.com/Web-UI/v2"
        rel="noopener noreferrer"
        target="_blank"
      >
        http://flexget.com/Web-UI/v2
      </a>
    </p>
    <p>
      Chat:
       
      <a
        href="https://flexget.com/Chat"
        rel="noopener noreferrer"
        target="_blank"
      >
        https://flexget.com/Chat
      </a>
    </p>
  </div>
  <div
    className="MuiCardActions-root emotion-2 MuiCardActions-spacing"
  >
    <a
      aria-disabled={false}
      aria-label="Github"
      className="MuiButtonBase-root MuiIconButton-root"
      href="https://github.com/Flexget/Flexget"
      onBlur={[Function]}
      onDragLeave={[Function]}
      onFocus={[Function]}
      onKeyDown={[Function]}
      onKeyUp={[Function]}
      onMouseDown={[Function]}
      onMouseLeave={[Function]}
      onMouseUp={[Function]}
      onTouchEnd={[Function]}
      onTouchMove={[Function]}
      onTouchStart={[Function]}
      rel="noopener noreferrer"
      tabIndex={0}
      target="_blank"
    >
      <span
        className="MuiIconButton-label"
      >
        <span
          aria-hidden={true}
          className="material-icons MuiIcon-root fa fa-github"
        />
      </span>
    </a>
    <a
      aria-disabled={false}
      aria-label="Flexget.com"
      className="MuiButtonBase-root MuiIconButton-root"
      href="https://flexget.com"
      onBlur={[Function]}
      onDragLeave={[Function]}
      onFocus={[Function]}
      onKeyDown={[Function]}
      onKeyUp={[Function]}
      onMouseDown={[Function]}
      onMouseLeave={[Function]}
      onMouseUp={[Function]}
      onTouchEnd={[Function]}
      onTouchMove={[Function]}
      onTouchStart={[Function]}
      rel="noopener noreferrer"
      tabIndex={0}
      target="_blank"
    >
      <span
        className="MuiIconButton-label"
      >
        <span
          aria-hidden={true}
          className="material-icons MuiIcon-root fa fa-home"
        />
      </span>
    </a>
    <a
      aria-disabled={false}
      aria-label="Gitter"
      className="MuiButtonBase-root MuiIconButton-root"
      href="https://gitter.im/Flexget/Flexget"
      onBlur={[Function]}
      onDragLeave={[Function]}
      onFocus={[Function]}
      onKeyDown={[Function]}
      onKeyUp={[Function]}
      onMouseDown={[Function]}
      onMouseLeave={[Function]}
      onMouseUp={[Function]}
      onTouchEnd={[Function]}
      onTouchMove={[Function]}
      onTouchStart={[Function]}
      rel="noopener noreferrer"
      tabIndex={0}
      target="_blank"
    >
      <span
        className="MuiIconButton-label"
      >
        <span
          aria-hidden={true}
          className="material-icons MuiIcon-root fa fa-comment"
        />
      </span>
    </a>
    <a
      aria-disabled={false}
      aria-label="Forum"
      className="MuiButtonBase-root MuiIconButton-root"
      href="https://discuss.flexget.com"
      onBlur={[Function]}
      onDragLeave={[Function]}
      onFocus={[Function]}
      onKeyDown={[Function]}
      onKeyUp={[Function]}
      onMouseDown={[Function]}
      onMouseLeave={[Function]}
      onMouseUp={[Function]}
      onTouchEnd={[Function]}
      onTouchMove={[Function]}
      onTouchStart={[Function]}
      rel="noopener noreferrer"
      tabIndex={0}
      target="_blank"
    >
      <span
        className="MuiIconButton-label"
      >
        <span
          aria-hidden={true}
          className="material-icons MuiIcon-root fa fa-forumbee"
        />
      </span>
    </a>
  </div>
</div>
`;
